17:53:28 **** Incremental Build of configuration Debug for project test ****
make all 
make: Nothing to be done for `all'.
17:54:50 **** Incremental Build of configuration Debug for project test ****
make all 
make: Nothing to be done for `all'.
17:56:13 **** Incremental Build of configuration Debug for project test ****
make all 
make: Nothing to be done for `all'.
18:22:19 **** Auto Build of configuration Debug for project test ****
make all 
Building file: ../src/echo.c
Invoking: ARM gcc compiler
arm-xilinx-eabi-gcc -Wall -O0 -g3 -c -fmessage-length=0 -MT"src/echo.o" -I../../rtos_bsp/ps7_cortexa9_0/include -MMD -MP -MF"src/echo.d" -MT"src/echo.d" -o "src/echo.o" "../src/echo.c"
../src/echo.c: In function 'process_echo_request':
../src/echo.c:78:3: warning: implicit declaration of function 'xil_print' [-Wimplicit-function-declaration]
   xil_print("recieved: %s\r\n", fpass.ch);
   ^
../src/echo.c:51:17: warning: unused variable 'i' [-Wunused-variable]
  int n, nwrote, i;
                 ^
Finished building: ../src/echo.c
 
Building target: test.elf
Invoking: ARM gcc linker
arm-xilinx-eabi-gcc -Wl,-T -Wl,../src/lscript.ld -L../../rtos_bsp/ps7_cortexa9_0/lib -o "test.elf"  ./src/dispatch.o ./src/echo.o ./src/main.o ./src/platform.o ./src/platform_fs.o ./src/platform_gpio.o ./src/prot_malloc.o ./src/udpsend.o   -Wl,--start-group,-lxil,-lfreertos,-lgcc,-lc,--end-group -Wl,--start-group,-lxil,-llwip4,-lgcc,-lc,--end-group
./src/echo.o: In function `process_echo_request':
/home/hirangren/Documents/Vivado/fft/fft.sdk/test/Debug/../src/echo.c:78: undefined reference to `xil_print'
collect2: error: ld returned 1 exit status
make: *** [test.elf] Error 1
18:22:31 **** Auto Build of configuration Debug for project test ****
make all 
Building file: ../src/echo.c
Invoking: ARM gcc compiler
arm-xilinx-eabi-gcc -Wall -O0 -g3 -c -fmessage-length=0 -MT"src/echo.o" -I../../rtos_bsp/ps7_cortexa9_0/include -MMD -MP -MF"src/echo.d" -MT"src/echo.d" -o "src/echo.o" "../src/echo.c"
../src/echo.c: In function 'process_echo_request':
../src/echo.c:51:17: warning: unused variable 'i' [-Wunused-variable]
  int n, nwrote, i;
                 ^
Finished building: ../src/echo.c
 
Building target: test.elf
Invoking: ARM gcc linker
arm-xilinx-eabi-gcc -Wl,-T -Wl,../src/lscript.ld -L../../rtos_bsp/ps7_cortexa9_0/lib -o "test.elf"  ./src/dispatch.o ./src/echo.o ./src/main.o ./src/platform.o ./src/platform_fs.o ./src/platform_gpio.o ./src/prot_malloc.o ./src/udpsend.o   -Wl,--start-group,-lxil,-lfreertos,-lgcc,-lc,--end-group -Wl,--start-group,-lxil,-llwip4,-lgcc,-lc,--end-group
Finished building target: test.elf
 
Invoking: ARM Print Size
arm-xilinx-eabi-size test.elf  |tee "test.elf.size"
   text	   data	    bss	    dec	    hex	filename
 176256	   3116	10965180	11144552	 aa0d68	test.elf
Finished building: test.elf.size
 
18:22:42 **** Auto Build of configuration Debug for project test ****
make all 
Building file: ../src/echo.c
Invoking: ARM gcc compiler
arm-xilinx-eabi-gcc -Wall -O0 -g3 -c -fmessage-length=0 -MT"src/echo.o" -I../../rtos_bsp/ps7_cortexa9_0/include -MMD -MP -MF"src/echo.d" -MT"src/echo.d" -o "src/echo.o" "../src/echo.c"
Finished building: ../src/echo.c
 
Building target: test.elf
Invoking: ARM gcc linker
arm-xilinx-eabi-gcc -Wl,-T -Wl,../src/lscript.ld -L../../rtos_bsp/ps7_cortexa9_0/lib -o "test.elf"  ./src/dispatch.o ./src/echo.o ./src/main.o ./src/platform.o ./src/platform_fs.o ./src/platform_gpio.o ./src/prot_malloc.o ./src/udpsend.o   -Wl,--start-group,-lxil,-lfreertos,-lgcc,-lc,--end-group -Wl,--start-group,-lxil,-llwip4,-lgcc,-lc,--end-group
Finished building target: test.elf
 
Invoking: ARM Print Size
arm-xilinx-eabi-size test.elf  |tee "test.elf.size"
   text	   data	    bss	    dec	    hex	filename
 176256	   3116	10965180	11144552	 aa0d68	test.elf
Finished building: test.elf.size
 
18:22:54 **** Incremental Build of configuration Debug for project test ****
make all 
make: Nothing to be done for `all'.
18:23:51 **** Incremental Build of configuration Debug for project test ****
make all 
make: Nothing to be done for `all'.
18:24:17 **** Incremental Build of configuration Debug for project test ****
make all 
make: Nothing to be done for `all'.
18:26:05 **** Incremental Build of configuration Debug for project test ****
make all 
make: Nothing to be done for `all'.
18:29:14 **** Auto Build of configuration Debug for project test ****
make all 
Building file: ../src/echo.c
Invoking: ARM gcc compiler
arm-xilinx-eabi-gcc -Wall -O0 -g3 -c -fmessage-length=0 -MT"src/echo.o" -I../../rtos_bsp/ps7_cortexa9_0/include -MMD -MP -MF"src/echo.d" -MT"src/echo.d" -o "src/echo.o" "../src/echo.c"
Finished building: ../src/echo.c
 
Building target: test.elf
Invoking: ARM gcc linker
arm-xilinx-eabi-gcc -Wl,-T -Wl,../src/lscript.ld -L../../rtos_bsp/ps7_cortexa9_0/lib -o "test.elf"  ./src/dispatch.o ./src/echo.o ./src/main.o ./src/platform.o ./src/platform_fs.o ./src/platform_gpio.o ./src/prot_malloc.o ./src/udpsend.o   -Wl,--start-group,-lxil,-lfreertos,-lgcc,-lc,--end-group -Wl,--start-group,-lxil,-llwip4,-lgcc,-lc,--end-group
Finished building target: test.elf
 
Invoking: ARM Print Size
arm-xilinx-eabi-size test.elf  |tee "test.elf.size"
   text	   data	    bss	    dec	    hex	filename
 176256	   3116	10965180	11144552	 aa0d68	test.elf
Finished building: test.elf.size
 
18:29:23 **** Incremental Build of configuration Debug for project test ****
make all 
make: Nothing to be done for `all'.
18:32:57 **** Auto Build of configuration Debug for project test ****
make all 
Building file: ../src/echo.c
Invoking: ARM gcc compiler
arm-xilinx-eabi-gcc -Wall -O0 -g3 -c -fmessage-length=0 -MT"src/echo.o" -I../../rtos_bsp/ps7_cortexa9_0/include -MMD -MP -MF"src/echo.d" -MT"src/echo.d" -o "src/echo.o" "../src/echo.c"
Finished building: ../src/echo.c
 
Building target: test.elf
Invoking: ARM gcc linker
arm-xilinx-eabi-gcc -Wl,-T -Wl,../src/lscript.ld -L../../rtos_bsp/ps7_cortexa9_0/lib -o "test.elf"  ./src/dispatch.o ./src/echo.o ./src/main.o ./src/platform.o ./src/platform_fs.o ./src/platform_gpio.o ./src/prot_malloc.o ./src/udpsend.o   -Wl,--start-group,-lxil,-lfreertos,-lgcc,-lc,--end-group -Wl,--start-group,-lxil,-llwip4,-lgcc,-lc,--end-group
Finished building target: test.elf
 
Invoking: ARM Print Size
arm-xilinx-eabi-size test.elf  |tee "test.elf.size"
   text	   data	    bss	    dec	    hex	filename
 176256	   3116	10965180	11144552	 aa0d68	test.elf
Finished building: test.elf.size
 
18:34:09 **** Auto Build of configuration Debug for project test ****
make all 
Building file: ../src/echo.c
Invoking: ARM gcc compiler
arm-xilinx-eabi-gcc -Wall -O0 -g3 -c -fmessage-length=0 -MT"src/echo.o" -I../../rtos_bsp/ps7_cortexa9_0/include -MMD -MP -MF"src/echo.d" -MT"src/echo.d" -o "src/echo.o" "../src/echo.c"
Finished building: ../src/echo.c
 
Building target: test.elf
Invoking: ARM gcc linker
arm-xilinx-eabi-gcc -Wl,-T -Wl,../src/lscript.ld -L../../rtos_bsp/ps7_cortexa9_0/lib -o "test.elf"  ./src/dispatch.o ./src/echo.o ./src/main.o ./src/platform.o ./src/platform_fs.o ./src/platform_gpio.o ./src/prot_malloc.o ./src/udpsend.o   -Wl,--start-group,-lxil,-lfreertos,-lgcc,-lc,--end-group -Wl,--start-group,-lxil,-llwip4,-lgcc,-lc,--end-group
Finished building target: test.elf
 
Invoking: ARM Print Size
arm-xilinx-eabi-size test.elf  |tee "test.elf.size"
   text	   data	    bss	    dec	    hex	filename
 176320	   3116	10965180	11144616	 aa0da8	test.elf
Finished building: test.elf.size
 
18:34:27 **** Incremental Build of configuration Debug for project test ****
make all 
make: Nothing to be done for `all'.
